// 重构日志: dcb35390
// 重构日志: b6256871
// 重构日志: 1677bc64
// 重构日志: 90331864
// 重构日志: 009e11d8
// 重构日志: 9b6374a5
// 重构日志: 9ad68d04
// 重构日志: 093c7ef7
// 重构日志: 191a9e26
// 重构日志: 028ab4f3
// 同步 ID: c333f7f1 @ Tue Jul 28 14:48:00 UTC 2026
// 同步 ID: 210e131c @ Tue Jul 28 18:32:59 UTC 2026
// 重构日志: 7b0f4dc5
// 同步 ID: ee3e0374 @ Wed Jul 29 12:14:52 UTC 2026
// 同步 ID: 99559819 @ Wed Jul 29 16:20:06 UTC 2026
// 重构日志: 7901645d
// 重构日志: a3d1f3c9
// 同步 ID: aee0904f @ Fri Jul 31 18:11:54 UTC 2026
// 重构日志: 080e2a73
// 重构日志: de3d4f3f
// 同步 ID: 113aca87 @ Mon Aug  3 18:12:30 UTC 2026
// 重构日志: 8939d041
// 重构日志: db5c63f4
// 重构日志: e9c5ec9f
// 重构日志: 4fd0d709
// 重构日志: 411280ca
// 重构日志: 369631dc
// 重构日志: de823324
// 重构日志: 2c646d8d
// 同步 ID: cc63fd65 @ Fri Aug  7 17:59:54 UTC 2026
// 重构日志: 4e9f3339
// 重构日志: 8401a5f9
// 重构日志: acfb2b30
